// Jest Snapshot v1, https://goo.gl/fbAQLP

exports[`Modal component should render correctly 1`] = `
<div
  className="modal"
>
  <div
    className="modal-dialog"
  >
    <img
      alt="close icon"
      className="image"
      onClick={[MockFunction]}
    />
    <div
      className="modal-body"
    />
  </div>
</div>
`;
